[www.amu.ac.in/miscellaneous/alumni.html]
[external.html]
[backblue.gif]
[fade.gif]
[index.html]
[api.amu.ac.in/storage/images/slider/10187/1613284107_allumnislider.jpg]
[api.amu.ac.in/storage/images/alumni/dr-zakir-hussain.jpg]
[api.amu.ac.in/storage/images/alumni/abdul-ghaffar-khan.jpg]
[api.amu.ac.in/storage/images/alumni/hamid-ansari.jpg]
[api.amu.ac.in/storage/images/alumni/mohamed-amin-didi.jpg]
[api.amu.ac.in/storage/images/alumni/naseeruddin-shah.jpg]
[api.amu.ac.in/storage/images/alumni/javed-akhtar.jpg]
[api.amu.ac.in/storage/images/alumni/mansoor-ali.jpg]
[api.amu.ac.in/storage/images/alumni/ab-sheikh.jpg]
[api.amu.ac.in/storage/images/alumni/mosina-kidwai.jpg]
[api.amu.ac.in/storage/images/alumni/sahab-singh-verma.jpg]
[api.amu.ac.in/storage/images/alumni/professor-irfan-habib.jpg]
[api.amu.ac.in/storage/images/alumni/shahryar-poet.jpg]
[api.amu.ac.in/storage/images/alumni/zafar-iqbal.jpg]
[api.amu.ac.in/storage/images/alumni/dr-obaid-siddiqi.jpg]
[api.amu.ac.in/storage/images/alumni/tariq-mansoor.jpg]
[api.amu.ac.in/storage/images/empphoto/10055717.jpg]
[api.amu.ac.in/storage/images/editor/1595420938_logo01.png]
[api.amu.ac.in/storage/images/editor/1595420958_logo02.png]
[api.amu.ac.in/storage/images/editor/1595420972_logo03.png]
[api.amu.ac.in/storage/images/editor/1595420990_logo04.png]
[api.amu.ac.in/storage/images/editor/1595421004_logo05.png]
[api.amu.ac.in/storage/images/editor/1595421017_logo06.png]
[api.amu.ac.in/storage/images/editor/1595421033_logo07.png]
[api.amu.ac.in/storage/images/editor/1595421051_logo08.png]
[api.amu.ac.in/storage/images/editor/moe.png]
[cse.google.com/fd463.txt]
[www.amu.ac.in/miscellaneous/alumni.html]
[cdn.syncfusion.com/ej2/material.css]
[www.googletagmanager.com/gtm5445.html]
[www.amu.ac.in/miscellaneous/amu-law-society-review]
[www.amu.ac.inassets/images/final-logo-2.png]
[www.amu.ac.inassets/images/inner-bg.jpg]
